<?xml version="1.0" encoding="UTF-8"?>
<TestRun id="b9510bac-b54f-4f74-bfad-4f08293a8b0a" name="cavila@CIMAWKS003 2012-10-18 11:35:13" runUser="CIMAGROUP\cavila" xmlns="http://microsoft.com/schemas/VisualStudio/TeamTest/2010">
  <TestSettings name="Local" id="8c65fd7e-c833-49e0-af37-4006e2e30d8c">
    <Description>Esta es la configuración de pruebas predeterminada para una ejecución de pruebas local.</Description>
    <Deployment enabled="false" runDeploymentRoot="cavila_CIMAWKS003 2012-10-18 11_35_13">
      <DeploymentItem filename="C:\CAFSoft\Proyectos\Generador2012\BussinesObject\bin\Release\Cimagroup.Generador2012.GeneradorBussinesObject.dll" />
      <DeploymentItem filename="C:\CAFSoft\Proyectos\Generador2012\DataAccessLayer\bin\Release\Cimagroup.Generador2012.GeneradorDataAccessLayer.dll" />
      <DeploymentItem filename="C:\CAFSoft\Proyectos\Generador2012\BussinesLogic\bin\Release\Cimagroup.Generador2012.GeneradorBussinesLogic.dll" />
    </Deployment>
    <Execution>
      <TestTypeSpecific />
      <AgentRule name="Execution Agents">
      </AgentRule>
    </Execution>
  </TestSettings>
  <Times creation="2012-10-18T11:35:13.8429921-03:00" queuing="2012-10-18T11:35:15.9829921-03:00" start="2012-10-18T11:35:16.1889921-03:00" finish="2012-10-18T11:35:18.5169921-03:00" />
  <ResultSummary outcome="Failed">
    <Counters total="2" executed="2" error="0" failed="1" timeout="0" aborted="0" inconclusive="1" passedButRunAborted="0" notRunnable="0" notExecuted="0" disconnected="0" warning="0" passed="0" completed="0" inProgress="0" pending="0" />
  </ResultSummary>
  <TestDefinitions>
    <UnitTest name="GenerarTest" storage="c:\cafsoft\proyectos\generador2012\modulospruebastest\bin\release\modulospruebastest.dll" id="6ab5866c-2f76-d884-8010-a5c827ca6ed2">
      <Execution id="a14cd173-7703-4071-82b8-83a57fd14585" />
      <TestMethod codeBase="C:/CAFSoft/Proyectos/Generador2012/ModulosPruebasTest/bin/Release/ModulosPruebasTest.DLL" adapterTypeName="Microsoft.VisualStudio.TestTools.TestTypes.Unit.UnitTestAdapter, Microsoft.VisualStudio.QualityTools.Tips.UnitTest.Adapter, Version=10.0.0.0, Culture=neutral, PublicKeyToken=b03f5f7f11d50a3a" className="ModulosPruebasTest.UnitTestTest, ModulosPruebasTest, Version=1.0.0.0, Culture=neutral, PublicKeyToken=null" name="GenerarTest" />
    </UnitTest>
    <UnitTest name="xToStringTest" storage="c:\cafsoft\proyectos\generador2012\modulospruebastest\bin\release\modulospruebastest.dll" id="844a84fb-7138-d75b-b6b8-4044fa4e6184">
      <DeploymentItems>
        <DeploymentItem filename="Cimagroup.Generador2012.GeneradorBussinesLogic.dll" />
      </DeploymentItems>
      <Execution id="1214ffcf-2aa4-4abb-b854-80ffd63226d2" />
      <TestMethod codeBase="C:/CAFSoft/Proyectos/Generador2012/ModulosPruebasTest/bin/Release/ModulosPruebasTest.DLL" adapterTypeName="Microsoft.VisualStudio.TestTools.TestTypes.Unit.UnitTestAdapter, Microsoft.VisualStudio.QualityTools.Tips.UnitTest.Adapter, Version=10.0.0.0, Culture=neutral, PublicKeyToken=b03f5f7f11d50a3a" className="ModulosPruebasTest.ModeloModulosTESTTest, ModulosPruebasTest, Version=1.0.0.0, Culture=neutral, PublicKeyToken=null" name="xToStringTest" />
    </UnitTest>
  </TestDefinitions>
  <TestLists>
    <TestList name="Resultados que no están en la lista" id="8c84fa94-04c1-424b-9868-57a2d4851a1d" />
    <TestList name="Todos los resultados cargados" id="19431567-8539-422a-85d7-44ee4e166bda" />
  </TestLists>
  <TestEntries>
    <TestEntry testId="6ab5866c-2f76-d884-8010-a5c827ca6ed2" executionId="a14cd173-7703-4071-82b8-83a57fd14585" testListId="8c84fa94-04c1-424b-9868-57a2d4851a1d" />
    <TestEntry testId="844a84fb-7138-d75b-b6b8-4044fa4e6184" executionId="1214ffcf-2aa4-4abb-b854-80ffd63226d2" testListId="8c84fa94-04c1-424b-9868-57a2d4851a1d" />
  </TestEntries>
  <Results>
    <UnitTestResult executionId="a14cd173-7703-4071-82b8-83a57fd14585" testId="6ab5866c-2f76-d884-8010-a5c827ca6ed2" testName="GenerarTest" computerName="CIMAWKS003" duration="00:00:01.2772415" startTime="2012-10-18T11:35:16.3379921-03:00" endTime="2012-10-18T11:35:18.3639921-03:00" testType="13cdc9d9-ddb5-4fa4-a97d-d965ccfc6d4b" outcome="Inconclusive" testListId="8c84fa94-04c1-424b-9868-57a2d4851a1d" relativeResultsDirectory="a14cd173-7703-4071-82b8-83a57fd14585">
      <Output>
        <ErrorInfo>
          <Message>Error de Assert.Inconclusive. Un método que no devuelve ningún valor no se puede comprobar.</Message>
          <StackTrace>   en ModulosPruebasTest.UnitTestTest.GenerarTest() en C:\CAFSoft\Proyectos\Generador2012\ModulosPruebasTest\UnitTestTest.vb:línea 62
</StackTrace>
        </ErrorInfo>
      </Output>
    </UnitTestResult>
    <UnitTestResult executionId="1214ffcf-2aa4-4abb-b854-80ffd63226d2" testId="844a84fb-7138-d75b-b6b8-4044fa4e6184" testName="xToStringTest" computerName="CIMAWKS003" duration="00:00:00.0733770" startTime="2012-10-18T11:35:18.3739921-03:00" endTime="2012-10-18T11:35:18.4519921-03:00" testType="13cdc9d9-ddb5-4fa4-a97d-d965ccfc6d4b" outcome="Failed" testListId="8c84fa94-04c1-424b-9868-57a2d4851a1d" relativeResultsDirectory="1214ffcf-2aa4-4abb-b854-80ffd63226d2">
      <Output>
        <ErrorInfo>
          <Message>El método de prueba ModulosPruebasTest.ModeloModulosTESTTest.xToStringTest produjo la excepción: 
System.NullReferenceException: Referencia a objeto no establecida como instancia de un objeto.</Message>
          <StackTrace>   en Cimagroup.Generador2012.GeneradorModulosPruebas.ModeloModulosTEST_Accessor.xToString(Object&amp; tipoCampo, Object&amp; cantidad)
   en ModulosPruebasTest.ModeloModulosTESTTest.xToStringTest() en C:\CAFSoft\Proyectos\Generador2012\ModulosPruebasTest\ModeloModulosTESTTest.vb:línea 71
</StackTrace>
        </ErrorInfo>
      </Output>
    </UnitTestResult>
  </Results>
</TestRun>